
2017/08/11 17:55:43 D:/GOPATH/src/github.com/weizhengwei/functioncontrol-go/main.go:25: hello

2017/08/11 17:55:43 D:/GOPATH/src/github.com/weizhengwei/functioncontrol-go/main.go:26: oh....

2017/08/11 17:55:43 D:/GOPATH/src/github.com/weizhengwei/functioncontrol-go/main.go:27: test

2017/08/11 17:55:56 D:/GOPATH/src/github.com/weizhengwei/functioncontrol-go/main.go:25: hello

2017/08/11 17:55:56 D:/GOPATH/src/github.com/weizhengwei/functioncontrol-go/main.go:26: oh....

2017/08/11 18:09:16 D:/GOPATH/src/github.com/weizhengwei/functioncontrol-go/main.go:30: hello

2017/08/11 18:09:16 D:/GOPATH/src/github.com/weizhengwei/functioncontrol-go/main.go:31: oh....

2017/08/11 18:09:55 D:/GOPATH/src/github.com/weizhengwei/functioncontrol-go/main.go:30: hello

2017/08/11 18:09:55 D:/GOPATH/src/github.com/weizhengwei/functioncontrol-go/main.go:31: oh....

2017/08/11 18:10:37 D:/GOPATH/src/github.com/weizhengwei/functioncontrol-go/main.go:30: hello

2017/08/11 18:10:37 D:/GOPATH/src/github.com/weizhengwei/functioncontrol-go/main.go:31: oh....

2017/08/14 15:23:06 D:/GOPATH/src/github.com/weizhengwei/functioncontrol-go/main.go:32: hello

2017/08/14 15:23:06 D:/GOPATH/src/github.com/weizhengwei/functioncontrol-go/main.go:33: oh....

2017/08/14 15:24:12 D:/GOPATH/src/github.com/weizhengwei/functioncontrol-go/main.go:32: hello

2017/08/14 15:24:12 D:/GOPATH/src/github.com/weizhengwei/functioncontrol-go/main.go:33: oh....

2017/08/14 15:24:55 D:/GOPATH/src/github.com/weizhengwei/functioncontrol-go/main.go:32: hello

2017/08/14 15:24:55 D:/GOPATH/src/github.com/weizhengwei/functioncontrol-go/main.go:33: oh....

2017/08/14 15:26:25 D:/GOPATH/src/github.com/weizhengwei/functioncontrol-go/main.go:32: hello

2017/08/14 15:26:25 D:/GOPATH/src/github.com/weizhengwei/functioncontrol-go/main.go:33: oh....

2017/08/14 15:28:35 D:/GOPATH/src/github.com/weizhengwei/functioncontrol-go/main.go:32: hello

2017/08/14 15:28:35 D:/GOPATH/src/github.com/weizhengwei/functioncontrol-go/main.go:33: oh....

2017/08/14 19:55:55 D:/GOPATH/src/github.com/weizhengwei/functioncontrol-go/main.go:33: hello

2017/08/14 19:55:55 D:/GOPATH/src/github.com/weizhengwei/functioncontrol-go/main.go:34: oh....
2017/08/14 19:56:17 D:/GOPATH/src/github.com/weizhengwei/functioncontrol-go/main.go:33: hello
2017/08/14 19:56:17 D:/GOPATH/src/github.com/weizhengwei/functioncontrol-go/main.go:34: oh....
